
> dough-house@0.1.0 build
> next build

   Γû▓ Next.js 16.0.3 (Turbopack)
   - Environments: .env.local, .env

   Creating an optimized production build ...
 Γ£ô Compiled successfully in 3.9s
   Running TypeScript ...
node.exe : Failed to 
compile.
At line:1 char:1
+ & "C:\Program 
Files\nodejs/node.exe" 
"C:\Program 
Files\nodejs/node_mo ...
+ ~~~~~~~~~~~~~~~~~~~~~~~~~~
~~~~~~~~~~~~~~~~~~~~~~~~~~~~
~~~~~~~~~~~~~~~
    + CategoryInfo          
    : NotSpecifi    ed: 
(Failed to com    
pile.:String) [],     
RemoteException
    + FullyQualifiedEr    
rorId : NativeComm    
andError
 

./app/api/employees/[id]/acc
ess/route.ts:74:21
Type error: Type 'string | 
null' is not assignable to 
type 'string | UuidFilter | 
undefined'.
  Type 'null' is not 
assignable to type 'string 
| UuidFilter | undefined'.

[0m [90m 72 |[39m        
     [36mawait[39m tx[33m
.[39muserRole[33m.[39mdel
eteMany({
 [90m 73 |[39m            
     where[33m:[39m {
[31m[1m>[22m[39m[90m 
74 |[39m                   
  userId[33m:[39m employee
[33m.[39muserId[33m,[39m
 [90m    |[39m            
         
[31m[1m^[22m[39m
 [90m 75 |[39m            
         orgId[33m:[39m 
orgId
 [90m 76 |[39m            
     }
 [90m 77 |[39m            
 })[33m;[39m[0m
Next.js build worker exited 
with code: 1 and signal: 
null
